		FPPPPPPPPPPPPPPPPOPPPPPFPPPPPPPPPPPPOPPPPOPPPP	
FPPPPPPPPPPPPOPPPOOPOOPFPPPPPPPPPPPPPPPOPPPOOP


FPPPPPPPPPPPPPOOPPOOOPP

IWPPPPPPPPPPPOOPPPPOPPP			
	FPPPPPPPPPPPPPPOPOPPPP	
		FPPPPPOOOOPPPOPOOPOPPP		
		


FPOOOOPPPOPPOOOPPPOPPP			
				
	
	FPPOOPPPOOOOOOOPPOOPPP

			


		


IWPPOPPOOOPOOOOPPOOOPP



		


		

	
		FPOPPOPOPOOOPPOOOPPPP

	




		
	
			FPOPPPOPPPOOPPPOOOPPP		

		


	
	





	





			IWPPPPPOPOOOOPPPPPPPP			


	
	

	
	






	


	

	FPPOPOOOOOOOPPPPPPPP
		
					
	








		




FPPOOPOOPOOPPPOPPPPP

				
		





			

	
		
		FPOOOOPOOPPPPPPPPPPP	
	
	

	
	
					

		
	
FPOOPOOOPPPPPPPPOOPP
	
	



		


	
	
	
	
			
FPPPPOOOPOOOOPPOPOPP	
	
			
	

	

	

		
	
	

	FPPOOPPPPOPPOOPPPPPP	
			
	

			
					
		


	
FPPOPPPPOOPOOPOOPPPP

		

			





			


	
	
	
IWPOPPOPPOOOOPOOPPPP

			


	

	
	

	
		
ZZFPPPPPOOOOOOOOPPPPP	
	
	


	






	

	
				

		Z
FPPPPOOOPOOPOPOPPPP	
			

			
	
	





		
		




FPPPPPPOOOPPPPPPPPP
		

	
			
	
			








	

		a`FPPPPPPOPOPPPPPOPPP

			
		




]\
	
	




	
	
		

	





	
IWPPPPPPPPPPPPPPPPP
				
	
	
			

			


	





		

	
	

		
	


	FPPPPPPPPPPPPPOPPP	
	

	

			
			



	

	

			
				FPPPPOOPPOOPPPOOPP
				




		
		






		
	
		

	
			FPPPPOOPOPPPPPPOPP						

	
	



				
		

IWPPOPOPOPPPPPPPPP



	



		
		
	

			
	]\

			

FPPOPOOPPPPPPPPPP
	
	
		


	


	

	

					


				
FPPPPOPPPOPOPPPPP
	





	
							
	

		

	
	
	FPPPOPPOOOPOPPPPP

	
				
	

				
	

ä	FPPOOPPOOOOOPPPPPZ	




		
		





		FPPOPOPPPPOOPPPPP	_^


		
	
	

	
		



FPPPPOOOOOOPPPPPP
i		
i			

	

	
	
	



	
		FPPOOOOOOOPPPPPPP		]\	

		


	
	
				
		
	
	FPPOOPOOPOPPPOPPP


	[	
		





		
	



		
		

			


FPPOPOPOPOPPPPPOP

	

	
	

	






	



			

	






			
FPPOPPPOOPPPPPOOP	
_^	


	

		
		
		


			




						
FPPPPPPOOPOPPPOOPi	

	
	
	
			
	
			

	




			


	FPPPOOOOPPOOOPPPP	_^
	

	

	

	




		
	
	

			
	

	
FPPPPOOOPPOOPPPPP




HTTTTTK


				


		

	


	
	

	
FPPPPPOOPPPPOPPPP		
		HXOOPPPVK
	
	
	


	
	

	
		
	

		
IWPPPOOOPPPPPOOPP					
		QOOOOOOPVK	



	






		
		
	
FPPPOPPOPPPPOPPP	


		QOOOOPOPPVK	


	

			
	

		IRWPPPPPPPPPPPPP



	HXOOPPPOOOPVK
	


	
	

	
	




FPPOOOPPPPPPPP	

	
QOOOPPPPOOOOD	

	
		



		IWPPOOOPPOOOPP	


		QOOOOOPPPOOOD					



		
	

IWPPOPPPOOOPP
		
HXOPPPOOPPOOOVK	









IWPPOPPPPPOP	



QOOOOPPPPPOOOOD
			


	
			
	IWPPPPPPPOP


	

	QOOOOPOPPOOOOOVK		
	





	
	
	


IWPPPPPPPP	

	QOOOOPOPOPOOOOOD






	














	
	

FPPPPPPPP	
	

	QOOOOOPPPPPPPOOD

		


















	


FPPPPOPPP		
	
QOOOOPPPOPOPPOOD

	














		
FPPPOOOPP					QOOOPPPOOPPOOOOD	


			









		

IWPPPPOPP

	
	


QOOOOPPOOPPOOOOD
		




	



		

FPPPPPPP

	

	
QOOOOOPPPPPOOOOD	




	



	

		
		FPPPPOPP

	
	


QOOOOOPOOOOOOOOVK
	


	

	

		IWPPOOPP	
	


QOOOPPPOOOOPOOOOD	
		





	

		FPPOPOP


		
		HXOOOOPPPPPOPPOOOVK
			






			IWPOPOP			
QOOOOOPPPPOOOPPOOOD	
	




	
							

	FPPPPP


	

QOOPOOPPPOOOOPPOOOD			
	





			
						
FPOOPP			
		QOOPPOPPOOOOOOPPOOVK		

			



	
					FPOOPP		
	


QOOPPOOPOOOOOOOPOOOD	

	





	

				
IWPOOP
		

QOOPPOOOOOOOOOOOPOOVK		
					


	

				
FPPPP	
	
	
QPPOPOOOOOOOOOOOPPOOD	



	

		





	
		
	FPOPP



	
QOPOPPPPOOOOOOOOOOOOD		



	
	



	
		IWPPP	
		

QOOPPOOOOOPOOOOOOOOOD	
	
	


		

	
	

FPPP	
	

	
QOOPPPOPOPOPOOOOOOOOD			
		
	
	
			

IWOP		

	

QOOPPPOPOPOPOOOOPPOOD	
		

				


		


FPP
		
	

	

QOPPOPOPPOOPOOOPPPOOD		




	


	


	
	




FPP


QOOOOOOPOPOPOOOOPOOOD			
				

	
		
	



			IWP
	
			



QOOOOOOPPPPPOOOPOOOOD
	

		
			

		
		

	

FP	
	



QOOOPPPPPPPPOOOPOOOUJ	
		
		


	
	
			
	
	
	FP
		
	
		
	
QOOOPOOOPPOOOOOPOOOD		
	
	

			

		

		

FP
		
		



	
QOOPPOOOPOOOOPPOOOOD
			
		
	
		



			IW		
			
		
MOOOOOOPOOOOPOOOOOUJ




	

		
			


	

	


F

		

	


	
	QOOOOOOPOOOPPOOOOUJ	

	

						

		


		
		

	
IWOOOOOPPOOOOOOOUJ			





	
	
		
	

	
				
IWOOOOOOOOOOOOUJ			


			
	
	

	
		
			
	
		
IWOOOOOOOOOOOD
	
	
		





	

	

		
		

IGGGGGGGGGNGJ


			


	

	

		
		
	

		
	







		
	


					
			

	



			
			


					




			

	





	


			




			
		





			


		

	

		
	
	


				

			
				
					


		
	
	
				
			
	
	

	


	
					
		
	

		

	


		

	
		


	

					



		

			
		



	
								

	
		
	

	
	


	
		
	



	




			
		


					
(-.1			
	
		

	


	

		
			
	
	a`
		
	*
/1
	
		

	
	
				
	

	

	
	
	
	
Z

	

*/1		

	


				
			

]\		[
	fe

	*/1		
	


	
	
		
	
		

	
		
	
		]\
		

		*/1			
			
 	
	
	


		




		


ZZ		
(.1
+,01
		
	




	


		
	


		
	Z	
]\

		[
	
	+01
(-.1	


	

		
	


	

		

		

		


	(-.1	*/1
]\

	
	
	

		

		

	
	a`			

_^
	*
/1
+,01


		
		
	

	


	




	

*/)

(-.1
	
	





	



		

*/1*/1
			
	
		
Z
+,01+,01	
		



	





		

		
	
	
				





